// Jest Snapshot v1, https://goo.gl/fbAQLP

exports[`App basic renders 1`] = `
<section>
  <a
    href="https://lizshigetoshi.com"
    rel="noopener noreferrer"
    target="_blank"
  >
    <h1
      id="lizshigetoshi"
    >
      Liz Shigetoshi
    </h1>
  </a>
  <MapboxMap />
</section>
`;
