// Jest Snapshot v1, https://goo.gl/fbAQLP

exports[`EventMarker basic renders 1`] = `
<div
  className="marker"
/>
`;
