// Jest Snapshot v1, https://goo.gl/fbAQLP

exports[`EventPopup basic renders 1`] = `
<div
  className="popup"
>
  Okinawa milk tea with egg pudding. 80% sweetness. 30% ice.
</div>
`;
